<?xml version="1.0" ?>
<FlowMonitor>
  <FlowStats>
    <Flow flowId="1" timeFirstTxPacket="+2.00164e+09ns" timeFirstRxPacket="+2.01541e+09ns" timeLastTxPacket="+2.89985e+10ns" timeLastRxPacket="+2.89995e+10ns" delaySum="+1.5801e+11ns" jitterSum="+2.36229e+09ns" lastDelay="+1.02434e+06ns" maxDelay="+5.24253e+08ns" minDelay="+984823ns" txBytes="8988288" rxBytes="8868360" txPackets="8544" rxPackets="8430" lostPackets="114" timesForwarded="447">
      <delayHistogram nBins="525" >
        <bin index="0" start="0" width="0.001" count="136" />
        <bin index="1" start="0.001" width="0.001" count="5756" />
        <bin index="2" start="0.002" width="0.001" count="303" />
        <bin index="3" start="0.003" width="0.001" count="218" />
        <bin index="4" start="0.004" width="0.001" count="146" />
        <bin index="5" start="0.005" width="0.001" count="146" />
        <bin index="6" start="0.006" width="0.001" count="129" />
        <bin index="7" start="0.007" width="0.001" count="125" />
        <bin index="8" start="0.008" width="0.001" count="165" />
        <bin index="9" start="0.009" width="0.001" count="51" />
        <bin index="10" start="0.01" width="0.001" count="60" />
        <bin index="11" start="0.011" width="0.001" count="29" />
        <bin index="12" start="0.012" width="0.001" count="29" />
        <bin index="13" start="0.013" width="0.001" count="24" />
        <bin index="14" start="0.014" width="0.001" count="24" />
        <bin index="15" start="0.015" width="0.001" count="10" />
        <bin index="16" start="0.016" width="0.001" count="22" />
        <bin index="17" start="0.017" width="0.001" count="77" />
        <bin index="18" start="0.018" width="0.001" count="24" />
        <bin index="19" start="0.019" width="0.001" count="18" />
        <bin index="20" start="0.02" width="0.001" count="35" />
        <bin index="21" start="0.021" width="0.001" count="19" />
        <bin index="22" start="0.022" width="0.001" count="28" />
        <bin index="23" start="0.023" width="0.001" count="47" />
        <bin index="24" start="0.024" width="0.001" count="59" />
        <bin index="25" start="0.025" width="0.001" count="33" />
        <bin index="26" start="0.026" width="0.001" count="15" />
        <bin index="27" start="0.027" width="0.001" count="16" />
        <bin index="28" start="0.028" width="0.001" count="29" />
        <bin index="29" start="0.029" width="0.001" count="42" />
        <bin index="30" start="0.03" width="0.001" count="32" />
        <bin index="31" start="0.031" width="0.001" count="55" />
        <bin index="32" start="0.032" width="0.001" count="42" />
        <bin index="33" start="0.033" width="0.001" count="10" />
        <bin index="34" start="0.034" width="0.001" count="7" />
        <bin index="35" start="0.035" width="0.001" count="7" />
        <bin index="36" start="0.036" width="0.001" count="7" />
        <bin index="37" start="0.037" width="0.001" count="15" />
        <bin index="38" start="0.038" width="0.001" count="11" />
        <bin index="39" start="0.039" width="0.001" count="8" />
        <bin index="40" start="0.04" width="0.001" count="7" />
        <bin index="41" start="0.041" width="0.001" count="1" />
        <bin index="42" start="0.042" width="0.001" count="1" />
        <bin index="43" start="0.043" width="0.001" count="1" />
        <bin index="45" start="0.045" width="0.001" count="1" />
        <bin index="46" start="0.046" width="0.001" count="3" />
        <bin index="47" start="0.047" width="0.001" count="1" />
        <bin index="49" start="0.049" width="0.001" count="1" />
        <bin index="50" start="0.05" width="0.001" count="3" />
        <bin index="54" start="0.054" width="0.001" count="2" />
        <bin index="55" start="0.055" width="0.001" count="1" />
        <bin index="58" start="0.058" width="0.001" count="1" />
        <bin index="68" start="0.068" width="0.001" count="1" />
        <bin index="69" start="0.069" width="0.001" count="2" />
        <bin index="70" start="0.07" width="0.001" count="1" />
        <bin index="71" start="0.071" width="0.001" count="2" />
        <bin index="72" start="0.072" width="0.001" count="1" />
        <bin index="74" start="0.074" width="0.001" count="2" />
        <bin index="75" start="0.075" width="0.001" count="3" />
        <bin index="77" start="0.077" width="0.001" count="1" />
        <bin index="78" start="0.078" width="0.001" count="2" />
        <bin index="80" start="0.08" width="0.001" count="1" />
        <bin index="81" start="0.081" width="0.001" count="1" />
        <bin index="82" start="0.082" width="0.001" count="3" />
        <bin index="83" start="0.083" width="0.001" count="1" />
        <bin index="86" start="0.086" width="0.001" count="2" />
        <bin index="88" start="0.088" width="0.001" count="1" />
        <bin index="90" start="0.09" width="0.001" count="1" />
        <bin index="91" start="0.091" width="0.001" count="1" />
        <bin index="92" start="0.092" width="0.001" count="1" />
        <bin index="93" start="0.093" width="0.001" count="2" />
        <bin index="96" start="0.096" width="0.001" count="1" />
        <bin index="98" start="0.098" width="0.001" count="1" />
        <bin index="99" start="0.099" width="0.001" count="1" />
        <bin index="100" start="0.1" width="0.001" count="4" />
        <bin index="102" start="0.102" width="0.001" count="1" />
        <bin index="105" start="0.105" width="0.001" count="1" />
        <bin index="107" start="0.107" width="0.001" count="2" />
        <bin index="108" start="0.108" width="0.001" count="1" />
        <bin index="113" start="0.113" width="0.001" count="3" />
        <bin index="116" start="0.116" width="0.001" count="1" />
        <bin index="117" start="0.117" width="0.001" count="1" />
        <bin index="120" start="0.12" width="0.001" count="1" />
        <bin index="121" start="0.121" width="0.001" count="2" />
        <bin index="126" start="0.126" width="0.001" count="3" />
        <bin index="127" start="0.127" width="0.001" count="2" />
        <bin index="128" start="0.128" width="0.001" count="1" />
        <bin index="129" start="0.129" width="0.001" count="1" />
        <bin index="130" start="0.13" width="0.001" count="1" />
        <bin index="131" start="0.131" width="0.001" count="1" />
        <bin index="133" start="0.133" width="0.001" count="1" />
        <bin index="134" start="0.134" width="0.001" count="1" />
        <bin index="135" start="0.135" width="0.001" count="1" />
        <bin index="136" start="0.136" width="0.001" count="1" />
        <bin index="137" start="0.137" width="0.001" count="1" />
        <bin index="138" start="0.138" width="0.001" count="2" />
        <bin index="141" start="0.141" width="0.001" count="1" />
        <bin index="142" start="0.142" width="0.001" count="1" />
        <bin index="144" start="0.144" width="0.001" count="1" />
        <bin index="148" start="0.148" width="0.001" count="1" />
        <bin index="151" start="0.151" width="0.001" count="2" />
        <bin index="153" start="0.153" width="0.001" count="1" />
        <bin index="155" start="0.155" width="0.001" count="1" />
        <bin index="156" start="0.156" width="0.001" count="3" />
        <bin index="157" start="0.157" width="0.001" count="1" />
        <bin index="161" start="0.161" width="0.001" count="1" />
        <bin index="163" start="0.163" width="0.001" count="3" />
        <bin index="164" start="0.164" width="0.001" count="1" />
        <bin index="167" start="0.167" width="0.001" count="1" />
        <bin index="168" start="0.168" width="0.001" count="2" />
        <bin index="169" start="0.169" width="0.001" count="1" />
        <bin index="171" start="0.171" width="0.001" count="1" />
        <bin index="174" start="0.174" width="0.001" count="1" />
        <bin index="177" start="0.177" width="0.001" count="1" />
        <bin index="179" start="0.179" width="0.001" count="1" />
        <bin index="182" start="0.182" width="0.001" count="3" />
        <bin index="183" start="0.183" width="0.001" count="4" />
        <bin index="184" start="0.184" width="0.001" count="1" />
        <bin index="185" start="0.185" width="0.001" count="2" />
        <bin index="188" start="0.188" width="0.001" count="2" />
        <bin index="189" start="0.189" width="0.001" count="1" />
        <bin index="191" start="0.191" width="0.001" count="2" />
        <bin index="192" start="0.192" width="0.001" count="1" />
        <bin index="195" start="0.195" width="0.001" count="2" />
        <bin index="196" start="0.196" width="0.001" count="2" />
        <bin index="197" start="0.197" width="0.001" count="2" />
        <bin index="199" start="0.199" width="0.001" count="1" />
        <bin index="200" start="0.2" width="0.001" count="1" />
        <bin index="201" start="0.201" width="0.001" count="1" />
        <bin index="203" start="0.203" width="0.001" count="2" />
        <bin index="204" start="0.204" width="0.001" count="1" />
        <bin index="205" start="0.205" width="0.001" count="1" />
        <bin index="206" start="0.206" width="0.001" count="2" />
        <bin index="207" start="0.207" width="0.001" count="1" />
        <bin index="209" start="0.209" width="0.001" count="1" />
        <bin index="210" start="0.21" width="0.001" count="2" />
        <bin index="215" start="0.215" width="0.001" count="2" />
        <bin index="216" start="0.216" width="0.001" count="2" />
        <bin index="218" start="0.218" width="0.001" count="1" />
        <bin index="220" start="0.22" width="0.001" count="1" />
        <bin index="222" start="0.222" width="0.001" count="2" />
        <bin index="223" start="0.223" width="0.001" count="2" />
        <bin index="225" start="0.225" width="0.001" count="1" />
        <bin index="226" start="0.226" width="0.001" count="4" />
        <bin index="227" start="0.227" width="0.001" count="1" />
        <bin index="228" start="0.228" width="0.001" count="1" />
        <bin index="229" start="0.229" width="0.001" count="1" />
        <bin index="230" start="0.23" width="0.001" count="1" />
        <bin index="231" start="0.231" width="0.001" count="1" />
        <bin index="233" start="0.233" width="0.001" count="1" />
        <bin index="234" start="0.234" width="0.001" count="1" />
        <bin index="235" start="0.235" width="0.001" count="1" />
        <bin index="236" start="0.236" width="0.001" count="1" />
        <bin index="238" start="0.238" width="0.001" count="1" />
        <bin index="239" start="0.239" width="0.001" count="1" />
        <bin index="242" start="0.242" width="0.001" count="1" />
        <bin index="244" start="0.244" width="0.001" count="2" />
        <bin index="245" start="0.245" width="0.001" count="1" />
        <bin index="248" start="0.248" width="0.001" count="2" />
        <bin index="250" start="0.25" width="0.001" count="1" />
        <bin index="251" start="0.251" width="0.001" count="1" />
        <bin index="252" start="0.252" width="0.001" count="1" />
        <bin index="253" start="0.253" width="0.001" count="2" />
        <bin index="256" start="0.256" width="0.001" count="2" />
        <bin index="257" start="0.257" width="0.001" count="1" />
        <bin index="258" start="0.258" width="0.001" count="1" />
        <bin index="259" start="0.259" width="0.001" count="1" />
        <bin index="261" start="0.261" width="0.001" count="1" />
        <bin index="263" start="0.263" width="0.001" count="1" />
        <bin index="265" start="0.265" width="0.001" count="2" />
        <bin index="266" start="0.266" width="0.001" count="1" />
        <bin index="267" start="0.267" width="0.001" count="1" />
        <bin index="268" start="0.268" width="0.001" count="1" />
        <bin index="270" start="0.27" width="0.001" count="1" />
        <bin index="271" start="0.271" width="0.001" count="1" />
        <bin index="274" start="0.274" width="0.001" count="1" />
        <bin index="276" start="0.276" width="0.001" count="2" />
        <bin index="280" start="0.28" width="0.001" count="1" />
        <bin index="281" start="0.281" width="0.001" count="1" />
        <bin index="282" start="0.282" width="0.001" count="1" />
        <bin index="284" start="0.284" width="0.001" count="1" />
        <bin index="286" start="0.286" width="0.001" count="1" />
        <bin index="287" start="0.287" width="0.001" count="1" />
        <bin index="288" start="0.288" width="0.001" count="3" />
        <bin index="291" start="0.291" width="0.001" count="3" />
        <bin index="292" start="0.292" width="0.001" count="1" />
        <bin index="293" start="0.293" width="0.001" count="1" />
        <bin index="295" start="0.295" width="0.001" count="1" />
        <bin index="296" start="0.296" width="0.001" count="1" />
        <bin index="298" start="0.298" width="0.001" count="1" />
        <bin index="299" start="0.299" width="0.001" count="1" />
        <bin index="302" start="0.302" width="0.001" count="1" />
        <bin index="303" start="0.303" width="0.001" count="1" />
        <bin index="304" start="0.304" width="0.001" count="1" />
        <bin index="306" start="0.306" width="0.001" count="1" />
        <bin index="308" start="0.308" width="0.001" count="1" />
        <bin index="310" start="0.31" width="0.001" count="2" />
        <bin index="312" start="0.312" width="0.001" count="1" />
        <bin index="313" start="0.313" width="0.001" count="3" />
        <bin index="314" start="0.314" width="0.001" count="1" />
        <bin index="318" start="0.318" width="0.001" count="3" />
        <bin index="320" start="0.32" width="0.001" count="2" />
        <bin index="325" start="0.325" width="0.001" count="1" />
        <bin index="330" start="0.33" width="0.001" count="1" />
        <bin index="333" start="0.333" width="0.001" count="1" />
        <bin index="336" start="0.336" width="0.001" count="1" />
        <bin index="337" start="0.337" width="0.001" count="1" />
        <bin index="338" start="0.338" width="0.001" count="1" />
        <bin index="340" start="0.34" width="0.001" count="1" />
        <bin index="346" start="0.346" width="0.001" count="2" />
        <bin index="347" start="0.347" width="0.001" count="1" />
        <bin index="348" start="0.348" width="0.001" count="1" />
        <bin index="349" start="0.349" width="0.001" count="1" />
        <bin index="350" start="0.35" width="0.001" count="1" />
        <bin index="351" start="0.351" width="0.001" count="2" />
        <bin index="353" start="0.353" width="0.001" count="1" />
        <bin index="354" start="0.354" width="0.001" count="1" />
        <bin index="355" start="0.355" width="0.001" count="1" />
        <bin index="358" start="0.358" width="0.001" count="1" />
        <bin index="360" start="0.36" width="0.001" count="1" />
        <bin index="365" start="0.365" width="0.001" count="1" />
        <bin index="366" start="0.366" width="0.001" count="2" />
        <bin index="367" start="0.367" width="0.001" count="1" />
        <bin index="368" start="0.368" width="0.001" count="1" />
        <bin index="371" start="0.371" width="0.001" count="1" />
        <bin index="372" start="0.372" width="0.001" count="2" />
        <bin index="375" start="0.375" width="0.001" count="1" />
        <bin index="376" start="0.376" width="0.001" count="1" />
        <bin index="383" start="0.383" width="0.001" count="1" />
        <bin index="384" start="0.384" width="0.001" count="1" />
        <bin index="385" start="0.385" width="0.001" count="1" />
        <bin index="386" start="0.386" width="0.001" count="2" />
        <bin index="387" start="0.387" width="0.001" count="1" />
        <bin index="390" start="0.39" width="0.001" count="2" />
        <bin index="391" start="0.391" width="0.001" count="1" />
        <bin index="392" start="0.392" width="0.001" count="1" />
        <bin index="393" start="0.393" width="0.001" count="1" />
        <bin index="394" start="0.394" width="0.001" count="1" />
        <bin index="395" start="0.395" width="0.001" count="2" />
        <bin index="396" start="0.396" width="0.001" count="1" />
        <bin index="397" start="0.397" width="0.001" count="1" />
        <bin index="398" start="0.398" width="0.001" count="1" />
        <bin index="399" start="0.399" width="0.001" count="1" />
        <bin index="400" start="0.4" width="0.001" count="2" />
        <bin index="404" start="0.404" width="0.001" count="1" />
        <bin index="406" start="0.406" width="0.001" count="1" />
        <bin index="407" start="0.407" width="0.001" count="2" />
        <bin index="408" start="0.408" width="0.001" count="2" />
        <bin index="409" start="0.409" width="0.001" count="1" />
        <bin index="411" start="0.411" width="0.001" count="1" />
        <bin index="412" start="0.412" width="0.001" count="1" />
        <bin index="413" start="0.413" width="0.001" count="1" />
        <bin index="414" start="0.414" width="0.001" count="1" />
        <bin index="417" start="0.417" width="0.001" count="1" />
        <bin index="419" start="0.419" width="0.001" count="2" />
        <bin index="420" start="0.42" width="0.001" count="2" />
        <bin index="423" start="0.423" width="0.001" count="1" />
        <bin index="424" start="0.424" width="0.001" count="2" />
        <bin index="427" start="0.427" width="0.001" count="3" />
        <bin index="428" start="0.428" width="0.001" count="1" />
        <bin index="432" start="0.432" width="0.001" count="2" />
        <bin index="434" start="0.434" width="0.001" count="1" />
        <bin index="435" start="0.435" width="0.001" count="2" />
        <bin index="438" start="0.438" width="0.001" count="3" />
        <bin index="440" start="0.44" width="0.001" count="1" />
        <bin index="443" start="0.443" width="0.001" count="1" />
        <bin index="448" start="0.448" width="0.001" count="1" />
        <bin index="457" start="0.457" width="0.001" count="1" />
        <bin index="458" start="0.458" width="0.001" count="1" />
        <bin index="459" start="0.459" width="0.001" count="1" />
        <bin index="461" start="0.461" width="0.001" count="1" />
        <bin index="464" start="0.464" width="0.001" count="4" />
        <bin index="465" start="0.465" width="0.001" count="3" />
        <bin index="466" start="0.466" width="0.001" count="1" />
        <bin index="469" start="0.469" width="0.001" count="1" />
        <bin index="471" start="0.471" width="0.001" count="1" />
        <bin index="474" start="0.474" width="0.001" count="1" />
        <bin index="479" start="0.479" width="0.001" count="2" />
        <bin index="482" start="0.482" width="0.001" count="1" />
        <bin index="485" start="0.485" width="0.001" count="1" />
        <bin index="488" start="0.488" width="0.001" count="1" />
        <bin index="492" start="0.492" width="0.001" count="1" />
        <bin index="498" start="0.498" width="0.001" count="1" />
        <bin index="500" start="0.5" width="0.001" count="3" />
        <bin index="501" start="0.501" width="0.001" count="14" />
        <bin index="502" start="0.502" width="0.001" count="5" />
        <bin index="503" start="0.503" width="0.001" count="4" />
        <bin index="504" start="0.504" width="0.001" count="2" />
        <bin index="506" start="0.506" width="0.001" count="3" />
        <bin index="507" start="0.507" width="0.001" count="4" />
        <bin index="508" start="0.508" width="0.001" count="3" />
        <bin index="509" start="0.509" width="0.001" count="2" />
        <bin index="510" start="0.51" width="0.001" count="1" />
        <bin index="511" start="0.511" width="0.001" count="2" />
        <bin index="512" start="0.512" width="0.001" count="2" />
        <bin index="513" start="0.513" width="0.001" count="1" />
        <bin index="515" start="0.515" width="0.001" count="2" />
        <bin index="516" start="0.516" width="0.001" count="7" />
        <bin index="517" start="0.517" width="0.001" count="6" />
        <bin index="518" start="0.518" width="0.001" count="3" />
        <bin index="519" start="0.519" width="0.001" count="1" />
        <bin index="520" start="0.52" width="0.001" count="2" />
        <bin index="521" start="0.521" width="0.001" count="4" />
        <bin index="522" start="0.522" width="0.001" count="3" />
        <bin index="523" start="0.523" width="0.001" count="2" />
        <bin index="524" start="0.524" width="0.001" count="2" />
      </delayHistogram>
      <jitterHistogram nBins="502" >
        <bin index="0" start="0" width="0.001" count="8087" />
        <bin index="1" start="0.001" width="0.001" count="182" />
        <bin index="2" start="0.002" width="0.001" count="82" />
        <bin index="3" start="0.003" width="0.001" count="37" />
        <bin index="4" start="0.004" width="0.001" count="11" />
        <bin index="5" start="0.005" width="0.001" count="15" />
        <bin index="6" start="0.006" width="0.001" count="5" />
        <bin index="7" start="0.007" width="0.001" count="3" />
        <bin index="8" start="0.008" width="0.001" count="1" />
        <bin index="9" start="0.009" width="0.001" count="2" />
        <bin index="14" start="0.014" width="0.001" count="1" />
        <bin index="27" start="0.027" width="0.001" count="1" />
        <bin index="35" start="0.035" width="0.001" count="1" />
        <bin index="501" start="0.501" width="0.001" count="1" />
      </jitterHistogram>
      <packetSizeHistogram nBins="53" >
        <bin index="52" start="1040" width="20" count="8430" />
      </packetSizeHistogram>
      <flowInterruptionsHistogram nBins="5" >
        <bin index="4" start="1" width="0.25" count="12" />
      </flowInterruptionsHistogram>
    </Flow>
    <Flow flowId="2" timeFirstTxPacket="+2.13275e+09ns" timeFirstRxPacket="+2.14171e+09ns" timeLastTxPacket="+1.61641e+10ns" timeLastRxPacket="+1.61648e+10ns" delaySum="+1.19301e+07ns" jitterSum="+8.27157e+06ns" lastDelay="+686997ns" maxDelay="+8.95856e+06ns" minDelay="+686997ns" txBytes="128" rxBytes="128" txPackets="3" rxPackets="3" lostPackets="0" timesForwarded="0">
      <delayHistogram nBins="9" >
        <bin index="0" start="0" width="0.001" count="1" />
        <bin index="2" start="0.002" width="0.001" count="1" />
        <bin index="8" start="0.008" width="0.001" count="1" />
      </delayHistogram>
      <jitterHistogram nBins="7" >
        <bin index="1" start="0.001" width="0.001" count="1" />
        <bin index="6" start="0.006" width="0.001" count="1" />
      </jitterHistogram>
      <packetSizeHistogram nBins="3" >
        <bin index="2" start="40" width="20" count="3" />
      </packetSizeHistogram>
      <flowInterruptionsHistogram nBins="33" >
        <bin index="23" start="5.75" width="0.25" count="1" />
        <bin index="32" start="8" width="0.25" count="1" />
      </flowInterruptionsHistogram>
    </Flow>
    <Flow flowId="3" timeFirstTxPacket="+2.13275e+09ns" timeFirstRxPacket="+2.15516e+09ns" timeLastTxPacket="+2.13275e+09ns" timeLastRxPacket="+2.15516e+09ns" delaySum="+2.24084e+07ns" jitterSum="+0ns" lastDelay="+2.24084e+07ns" maxDelay="+2.24084e+07ns" minDelay="+2.24084e+07ns" txBytes="48" rxBytes="48" txPackets="1" rxPackets="1" lostPackets="0" timesForwarded="0">
      <delayHistogram nBins="23" >
        <bin index="22" start="0.022" width="0.001" count="1" />
      </delayHistogram>
      <jitterHistogram nBins="0" >
      </jitterHistogram>
      <packetSizeHistogram nBins="3" >
        <bin index="2" start="40" width="20" count="1" />
      </packetSizeHistogram>
      <flowInterruptionsHistogram nBins="0" >
      </flowInterruptionsHistogram>
    </Flow>
    <Flow flowId="4" timeFirstTxPacket="+2.13275e+09ns" timeFirstRxPacket="+2.14525e+09ns" timeLastTxPacket="+1.61632e+10ns" timeLastRxPacket="+1.61655e+10ns" delaySum="+1.76191e+07ns" jitterSum="+1.02582e+07ns" lastDelay="+2.24326e+06ns" maxDelay="+1.25015e+07ns" minDelay="+2.24326e+06ns" txBytes="128" rxBytes="128" txPackets="3" rxPackets="3" lostPackets="0" timesForwarded="0">
      <delayHistogram nBins="13" >
        <bin index="2" start="0.002" width="0.001" count="2" />
        <bin index="12" start="0.012" width="0.001" count="1" />
      </delayHistogram>
      <jitterHistogram nBins="10" >
        <bin index="0" start="0" width="0.001" count="1" />
        <bin index="9" start="0.009" width="0.001" count="1" />
      </jitterHistogram>
      <packetSizeHistogram nBins="3" >
        <bin index="2" start="40" width="20" count="3" />
      </packetSizeHistogram>
      <flowInterruptionsHistogram nBins="33" >
        <bin index="23" start="5.75" width="0.25" count="1" />
        <bin index="32" start="8" width="0.25" count="1" />
      </flowInterruptionsHistogram>
    </Flow>
    <Flow flowId="5" timeFirstTxPacket="+2.13275e+09ns" timeFirstRxPacket="+2.15926e+09ns" timeLastTxPacket="+2.13275e+09ns" timeLastRxPacket="+2.15926e+09ns" delaySum="+2.65132e+07ns" jitterSum="+0ns" lastDelay="+2.65132e+07ns" maxDelay="+2.65132e+07ns" minDelay="+2.65132e+07ns" txBytes="48" rxBytes="48" txPackets="1" rxPackets="1" lostPackets="0" timesForwarded="0">
      <delayHistogram nBins="27" >
        <bin index="26" start="0.026" width="0.001" count="1" />
      </delayHistogram>
      <jitterHistogram nBins="0" >
      </jitterHistogram>
      <packetSizeHistogram nBins="3" >
        <bin index="2" start="40" width="20" count="1" />
      </packetSizeHistogram>
      <flowInterruptionsHistogram nBins="0" >
      </flowInterruptionsHistogram>
    </Flow>
    <Flow flowId="6" timeFirstTxPacket="+2.13275e+09ns" timeFirstRxPacket="+3.51146e+09ns" timeLastTxPacket="+1.61641e+10ns" timeLastRxPacket="+1.61679e+10ns" delaySum="+1.38247e+09ns" jitterSum="+1.37495e+09ns" lastDelay="+3.76347e+06ns" maxDelay="+1.37871e+09ns" minDelay="+3.76347e+06ns" txBytes="96" rxBytes="96" txPackets="2" rxPackets="2" lostPackets="0" timesForwarded="0">
      <delayHistogram nBins="1379" >
        <bin index="3" start="0.003" width="0.001" count="1" />
        <bin index="1378" start="1.378" width="0.001" count="1" />
      </delayHistogram>
      <jitterHistogram nBins="1375" >
        <bin index="1374" start="1.374" width="0.001" count="1" />
      </jitterHistogram>
      <packetSizeHistogram nBins="3" >
        <bin index="2" start="40" width="20" count="2" />
      </packetSizeHistogram>
      <flowInterruptionsHistogram nBins="51" >
        <bin index="50" start="12.5" width="0.25" count="1" />
      </flowInterruptionsHistogram>
    </Flow>
    <Flow flowId="7" timeFirstTxPacket="+2.13275e+09ns" timeFirstRxPacket="+3.15303e+09ns" timeLastTxPacket="+1.61641e+10ns" timeLastRxPacket="+1.6169e+10ns" delaySum="+1.02511e+09ns" jitterSum="+1.01546e+09ns" lastDelay="+4.82458e+06ns" maxDelay="+1.02028e+09ns" minDelay="+4.82458e+06ns" txBytes="96" rxBytes="96" txPackets="2" rxPackets="2" lostPackets="0" timesForwarded="0">
      <delayHistogram nBins="1021" >
        <bin index="4" start="0.004" width="0.001" count="1" />
        <bin index="1020" start="1.02" width="0.001" count="1" />
      </delayHistogram>
      <jitterHistogram nBins="1016" >
        <bin index="1015" start="1.015" width="0.001" count="1" />
      </jitterHistogram>
      <packetSizeHistogram nBins="3" >
        <bin index="2" start="40" width="20" count="2" />
      </packetSizeHistogram>
      <flowInterruptionsHistogram nBins="53" >
        <bin index="52" start="13" width="0.25" count="1" />
      </flowInterruptionsHistogram>
    </Flow>
    <Flow flowId="8" timeFirstTxPacket="+2.13275e+09ns" timeFirstRxPacket="+3.5081e+09ns" timeLastTxPacket="+1.61641e+10ns" timeLastRxPacket="+1.61695e+10ns" delaySum="+1.38074e+09ns" jitterSum="+1.36997e+09ns" lastDelay="+5.38247e+06ns" maxDelay="+1.37536e+09ns" minDelay="+5.38247e+06ns" txBytes="96" rxBytes="96" txPackets="2" rxPackets="2" lostPackets="0" timesForwarded="0">
      <delayHistogram nBins="1376" >
        <bin index="5" start="0.005" width="0.001" count="1" />
        <bin index="1375" start="1.375" width="0.001" count="1" />
      </delayHistogram>
      <jitterHistogram nBins="1370" >
        <bin index="1369" start="1.369" width="0.001" count="1" />
      </jitterHistogram>
      <packetSizeHistogram nBins="3" >
        <bin index="2" start="40" width="20" count="2" />
      </packetSizeHistogram>
      <flowInterruptionsHistogram nBins="51" >
        <bin index="50" start="12.5" width="0.25" count="1" />
      </flowInterruptionsHistogram>
    </Flow>
    <Flow flowId="9" timeFirstTxPacket="+2.1367e+09ns" timeFirstRxPacket="+4.1437e+09ns" timeLastTxPacket="+4.15065e+09ns" timeLastRxPacket="+4.19228e+09ns" delaySum="+2.04864e+09ns" jitterSum="+1.96538e+09ns" lastDelay="+4.16291e+07ns" maxDelay="+2.00701e+09ns" minDelay="+4.16291e+07ns" txBytes="96" rxBytes="96" txPackets="2" rxPackets="2" lostPackets="0" timesForwarded="0">
      <delayHistogram nBins="2008" >
        <bin index="41" start="0.041" width="0.001" count="1" />
        <bin index="2007" start="2.007" width="0.001" count="1" />
      </delayHistogram>
      <jitterHistogram nBins="1966" >
        <bin index="1965" start="1.965" width="0.001" count="1" />
      </jitterHistogram>
      <packetSizeHistogram nBins="3" >
        <bin index="2" start="40" width="20" count="2" />
      </packetSizeHistogram>
      <flowInterruptionsHistogram nBins="0" >
      </flowInterruptionsHistogram>
    </Flow>
    <Flow flowId="10" timeFirstTxPacket="+2.1367e+09ns" timeFirstRxPacket="+3.14122e+09ns" timeLastTxPacket="+1.61641e+10ns" timeLastRxPacket="+1.6167e+10ns" delaySum="+1.00981e+09ns" jitterSum="+1.00253e+09ns" lastDelay="+2.86531e+06ns" maxDelay="+1.00452e+09ns" minDelay="+2.42696e+06ns" txBytes="144" rxBytes="144" txPackets="3" rxPackets="3" lostPackets="0" timesForwarded="0">
      <delayHistogram nBins="1005" >
        <bin index="2" start="0.002" width="0.001" count="2" />
        <bin index="1004" start="1.004" width="0.001" count="1" />
      </delayHistogram>
      <jitterHistogram nBins="1003" >
        <bin index="0" start="0" width="0.001" count="1" />
        <bin index="1002" start="1.002" width="0.001" count="1" />
      </jitterHistogram>
      <packetSizeHistogram nBins="3" >
        <bin index="2" start="40" width="20" count="3" />
      </packetSizeHistogram>
      <flowInterruptionsHistogram nBins="48" >
        <bin index="4" start="1" width="0.25" count="1" />
        <bin index="47" start="11.75" width="0.25" count="1" />
      </flowInterruptionsHistogram>
    </Flow>
    <Flow flowId="11" timeFirstTxPacket="+2.14171e+09ns" timeFirstRxPacket="+2.15067e+09ns" timeLastTxPacket="+2.14171e+09ns" timeLastRxPacket="+2.15067e+09ns" delaySum="+8.9658e+06ns" jitterSum="+0ns" lastDelay="+8.9658e+06ns" maxDelay="+8.9658e+06ns" minDelay="+8.9658e+06ns" txBytes="30" rxBytes="30" txPackets="1" rxPackets="1" lostPackets="0" timesForwarded="0">
      <delayHistogram nBins="9" >
        <bin index="8" start="0.008" width="0.001" count="1" />
      </delayHistogram>
      <jitterHistogram nBins="0" >
      </jitterHistogram>
      <packetSizeHistogram nBins="2" >
        <bin index="1" start="20" width="20" count="1" />
      </packetSizeHistogram>
      <flowInterruptionsHistogram nBins="0" >
      </flowInterruptionsHistogram>
    </Flow>
    <Flow flowId="12" timeFirstTxPacket="+2.14525e+09ns" timeFirstRxPacket="+2.17798e+09ns" timeLastTxPacket="+2.14525e+09ns" timeLastRxPacket="+2.17798e+09ns" delaySum="+3.27335e+07ns" jitterSum="+0ns" lastDelay="+3.27335e+07ns" maxDelay="+3.27335e+07ns" minDelay="+3.27335e+07ns" txBytes="30" rxBytes="30" txPackets="1" rxPackets="1" lostPackets="0" timesForwarded="0">
      <delayHistogram nBins="33" >
        <bin index="32" start="0.032" width="0.001" count="1" />
      </delayHistogram>
      <jitterHistogram nBins="0" >
      </jitterHistogram>
      <packetSizeHistogram nBins="2" >
        <bin index="1" start="20" width="20" count="1" />
      </packetSizeHistogram>
      <flowInterruptionsHistogram nBins="0" >
      </flowInterruptionsHistogram>
    </Flow>
    <Flow flowId="13" timeFirstTxPacket="+3.0041e+09ns" timeFirstRxPacket="+3.1556e+09ns" timeLastTxPacket="+2.9996e+10ns" timeLastRxPacket="+2.99967e+10ns" delaySum="+2.8191e+09ns" jitterSum="+3.42446e+08ns" lastDelay="+661463ns" maxDelay="+1.51499e+08ns" minDelay="+653361ns" txBytes="1845180" rxBytes="1826280" txPackets="3417" rxPackets="3382" lostPackets="35" timesForwarded="0">
      <delayHistogram nBins="152" >
        <bin index="0" start="0" width="0.001" count="3273" />
        <bin index="1" start="0.001" width="0.001" count="40" />
        <bin index="2" start="0.002" width="0.001" count="20" />
        <bin index="3" start="0.003" width="0.001" count="19" />
        <bin index="4" start="0.004" width="0.001" count="12" />
        <bin index="5" start="0.005" width="0.001" count="5" />
        <bin index="6" start="0.006" width="0.001" count="2" />
        <bin index="7" start="0.007" width="0.001" count="5" />
        <bin index="8" start="0.008" width="0.001" count="1" />
        <bin index="10" start="0.01" width="0.001" count="1" />
        <bin index="11" start="0.011" width="0.001" count="1" />
        <bin index="12" start="0.012" width="0.001" count="1" />
        <bin index="148" start="0.148" width="0.001" count="1" />
        <bin index="151" start="0.151" width="0.001" count="1" />
      </delayHistogram>
      <jitterHistogram nBins="147" >
        <bin index="0" start="0" width="0.001" count="3308" />
        <bin index="1" start="0.001" width="0.001" count="37" />
        <bin index="2" start="0.002" width="0.001" count="19" />
        <bin index="3" start="0.003" width="0.001" count="11" />
        <bin index="4" start="0.004" width="0.001" count="3" />
        <bin index="5" start="0.005" width="0.001" count="1" />
        <bin index="11" start="0.011" width="0.001" count="1" />
        <bin index="146" start="0.146" width="0.001" count="1" />
      </jitterHistogram>
      <packetSizeHistogram nBins="28" >
        <bin index="27" start="540" width="20" count="3382" />
      </packetSizeHistogram>
      <flowInterruptionsHistogram nBins="5" >
        <bin index="4" start="1" width="0.25" count="13" />
      </flowInterruptionsHistogram>
    </Flow>
    <Flow flowId="14" timeFirstTxPacket="+3.51146e+09ns" timeFirstRxPacket="+3.51609e+09ns" timeLastTxPacket="+1.61679e+10ns" timeLastRxPacket="+1.61684e+10ns" delaySum="+5.13291e+06ns" jitterSum="+4.12514e+06ns" lastDelay="+503882ns" maxDelay="+4.62903e+06ns" minDelay="+503882ns" txBytes="60" rxBytes="60" txPackets="2" rxPackets="2" lostPackets="0" timesForwarded="0">
      <delayHistogram nBins="5" >
        <bin index="0" start="0" width="0.001" count="1" />
        <bin index="4" start="0.004" width="0.001" count="1" />
      </delayHistogram>
      <jitterHistogram nBins="5" >
        <bin index="4" start="0.004" width="0.001" count="1" />
      </jitterHistogram>
      <packetSizeHistogram nBins="2" >
        <bin index="1" start="20" width="20" count="2" />
      </packetSizeHistogram>
      <flowInterruptionsHistogram nBins="51" >
        <bin index="50" start="12.5" width="0.25" count="1" />
      </flowInterruptionsHistogram>
    </Flow>
    <Flow flowId="15" timeFirstTxPacket="+4.1437e+09ns" timeFirstRxPacket="+4.19711e+09ns" timeLastTxPacket="+4.1437e+09ns" timeLastRxPacket="+4.19711e+09ns" delaySum="+5.34103e+07ns" jitterSum="+0ns" lastDelay="+5.34103e+07ns" maxDelay="+5.34103e+07ns" minDelay="+5.34103e+07ns" txBytes="30" rxBytes="30" txPackets="1" rxPackets="1" lostPackets="0" timesForwarded="1">
      <delayHistogram nBins="54" >
        <bin index="53" start="0.053" width="0.001" count="1" />
      </delayHistogram>
      <jitterHistogram nBins="0" >
      </jitterHistogram>
      <packetSizeHistogram nBins="2" >
        <bin index="1" start="20" width="20" count="1" />
      </packetSizeHistogram>
      <flowInterruptionsHistogram nBins="0" >
      </flowInterruptionsHistogram>
    </Flow>
    <Flow flowId="16" timeFirstTxPacket="+4.1437e+09ns" timeFirstRxPacket="+4.17791e+09ns" timeLastTxPacket="+1.61636e+10ns" timeLastRxPacket="+1.61661e+10ns" delaySum="+3.81569e+07ns" jitterSum="+3.37778e+07ns" lastDelay="+2.49362e+06ns" maxDelay="+3.42036e+07ns" minDelay="+1.45972e+06ns" txBytes="128" rxBytes="128" txPackets="3" rxPackets="3" lostPackets="0" timesForwarded="0">
      <delayHistogram nBins="35" >
        <bin index="1" start="0.001" width="0.001" count="1" />
        <bin index="2" start="0.002" width="0.001" count="1" />
        <bin index="34" start="0.034" width="0.001" count="1" />
      </delayHistogram>
      <jitterHistogram nBins="33" >
        <bin index="1" start="0.001" width="0.001" count="1" />
        <bin index="32" start="0.032" width="0.001" count="1" />
      </jitterHistogram>
      <packetSizeHistogram nBins="3" >
        <bin index="2" start="40" width="20" count="3" />
      </packetSizeHistogram>
      <flowInterruptionsHistogram nBins="25" >
        <bin index="23" start="5.75" width="0.25" count="1" />
        <bin index="24" start="6" width="0.25" count="1" />
      </flowInterruptionsHistogram>
    </Flow>
    <Flow flowId="17" timeFirstTxPacket="+6.15957e+09ns" timeFirstRxPacket="+6.16791e+09ns" timeLastTxPacket="+6.15957e+09ns" timeLastRxPacket="+6.16791e+09ns" delaySum="+8.34357e+06ns" jitterSum="+0ns" lastDelay="+8.34357e+06ns" maxDelay="+8.34357e+06ns" minDelay="+8.34357e+06ns" txBytes="40" rxBytes="40" txPackets="1" rxPackets="1" lostPackets="0" timesForwarded="0">
      <delayHistogram nBins="9" >
        <bin index="8" start="0.008" width="0.001" count="1" />
      </delayHistogram>
      <jitterHistogram nBins="0" >
      </jitterHistogram>
      <packetSizeHistogram nBins="3" >
        <bin index="2" start="40" width="20" count="1" />
      </packetSizeHistogram>
      <flowInterruptionsHistogram nBins="0" >
      </flowInterruptionsHistogram>
    </Flow>
    <Flow flowId="18" timeFirstTxPacket="+1.61641e+10ns" timeFirstRxPacket="+1.62035e+10ns" timeLastTxPacket="+1.61641e+10ns" timeLastRxPacket="+1.62035e+10ns" delaySum="+3.93426e+07ns" jitterSum="+0ns" lastDelay="+3.93426e+07ns" maxDelay="+3.93426e+07ns" minDelay="+3.93426e+07ns" txBytes="48" rxBytes="48" txPackets="1" rxPackets="1" lostPackets="0" timesForwarded="0">
      <delayHistogram nBins="40" >
        <bin index="39" start="0.039" width="0.001" count="1" />
      </delayHistogram>
      <jitterHistogram nBins="0" >
      </jitterHistogram>
      <packetSizeHistogram nBins="3" >
        <bin index="2" start="40" width="20" count="1" />
      </packetSizeHistogram>
      <flowInterruptionsHistogram nBins="0" >
      </flowInterruptionsHistogram>
    </Flow>
    <Flow flowId="19" timeFirstTxPacket="+1.62035e+10ns" timeFirstRxPacket="+1.62672e+10ns" timeLastTxPacket="+1.62035e+10ns" timeLastRxPacket="+1.62672e+10ns" delaySum="+6.37566e+07ns" jitterSum="+0ns" lastDelay="+6.37566e+07ns" maxDelay="+6.37566e+07ns" minDelay="+6.37566e+07ns" txBytes="30" rxBytes="30" txPackets="1" rxPackets="1" lostPackets="0" timesForwarded="0">
      <delayHistogram nBins="64" >
        <bin index="63" start="0.063" width="0.001" count="1" />
      </delayHistogram>
      <jitterHistogram nBins="0" >
      </jitterHistogram>
      <packetSizeHistogram nBins="2" >
        <bin index="1" start="20" width="20" count="1" />
      </packetSizeHistogram>
      <flowInterruptionsHistogram nBins="0" >
      </flowInterruptionsHistogram>
    </Flow>
  </FlowStats>
  <Ipv4FlowClassifier>
    <Flow flowId="1" sourceAddress="10.0.0.1" destinationAddress="10.0.0.2" protocol="17" sourcePort="49153" destinationPort="9">
      <Dscp value="0x0" packets="8544" />
    </Flow>
    <Flow flowId="14" sourceAddress="10.0.0.1" destinationAddress="10.0.0.3" protocol="17" sourcePort="654" destinationPort="654">
      <Dscp value="0x0" packets="2" />
    </Flow>
    <Flow flowId="19" sourceAddress="10.0.0.1" destinationAddress="10.0.0.4" protocol="17" sourcePort="654" destinationPort="654">
      <Dscp value="0x0" packets="1" />
    </Flow>
    <Flow flowId="11" sourceAddress="10.0.0.1" destinationAddress="10.0.0.6" protocol="17" sourcePort="654" destinationPort="654">
      <Dscp value="0x0" packets="1" />
    </Flow>
    <Flow flowId="12" sourceAddress="10.0.0.1" destinationAddress="10.0.0.9" protocol="17" sourcePort="654" destinationPort="654">
      <Dscp value="0x0" packets="1" />
    </Flow>
    <Flow flowId="8" sourceAddress="10.0.0.2" destinationAddress="10.0.0.1" protocol="17" sourcePort="654" destinationPort="654">
      <Dscp value="0x0" packets="2" />
    </Flow>
    <Flow flowId="6" sourceAddress="10.0.0.3" destinationAddress="10.0.0.1" protocol="17" sourcePort="654" destinationPort="654">
      <Dscp value="0x0" packets="2" />
    </Flow>
    <Flow flowId="7" sourceAddress="10.0.0.3" destinationAddress="10.0.0.2" protocol="17" sourcePort="654" destinationPort="654">
      <Dscp value="0x0" packets="2" />
    </Flow>
    <Flow flowId="13" sourceAddress="10.0.0.3" destinationAddress="10.0.0.2" protocol="17" sourcePort="49153" destinationPort="9">
      <Dscp value="0x0" packets="3417" />
    </Flow>
    <Flow flowId="18" sourceAddress="10.0.0.4" destinationAddress="10.0.0.1" protocol="17" sourcePort="654" destinationPort="654">
      <Dscp value="0x0" packets="1" />
    </Flow>
    <Flow flowId="10" sourceAddress="10.0.0.4" destinationAddress="10.0.0.2" protocol="17" sourcePort="654" destinationPort="654">
      <Dscp value="0x0" packets="3" />
    </Flow>
    <Flow flowId="9" sourceAddress="10.0.0.4" destinationAddress="10.0.0.10" protocol="17" sourcePort="654" destinationPort="654">
      <Dscp value="0x0" packets="2" />
    </Flow>
    <Flow flowId="2" sourceAddress="10.0.0.6" destinationAddress="10.0.0.1" protocol="17" sourcePort="654" destinationPort="654">
      <Dscp value="0x0" packets="3" />
    </Flow>
    <Flow flowId="3" sourceAddress="10.0.0.6" destinationAddress="10.0.0.2" protocol="17" sourcePort="654" destinationPort="654">
      <Dscp value="0x0" packets="1" />
    </Flow>
    <Flow flowId="4" sourceAddress="10.0.0.9" destinationAddress="10.0.0.1" protocol="17" sourcePort="654" destinationPort="654">
      <Dscp value="0x0" packets="3" />
    </Flow>
    <Flow flowId="5" sourceAddress="10.0.0.9" destinationAddress="10.0.0.2" protocol="17" sourcePort="654" destinationPort="654">
      <Dscp value="0x0" packets="1" />
    </Flow>
    <Flow flowId="16" sourceAddress="10.0.0.10" destinationAddress="10.0.0.1" protocol="17" sourcePort="654" destinationPort="654">
      <Dscp value="0x0" packets="3" />
    </Flow>
    <Flow flowId="17" sourceAddress="10.0.0.10" destinationAddress="10.0.0.2" protocol="17" sourcePort="654" destinationPort="654">
      <Dscp value="0x0" packets="1" />
    </Flow>
    <Flow flowId="15" sourceAddress="10.0.0.10" destinationAddress="10.0.0.4" protocol="17" sourcePort="654" destinationPort="654">
      <Dscp value="0x0" packets="1" />
    </Flow>
  </Ipv4FlowClassifier>
  <Ipv6FlowClassifier>
  </Ipv6FlowClassifier>
  <FlowProbes>
    <FlowProbe index="0">
      <FlowStats  flowId="1" packets="8571" bytes="9016692" delayFromFirstProbeSum="+3.7251e+08ns" >
      </FlowStats>
      <FlowStats  flowId="2" packets="3" bytes="128" delayFromFirstProbeSum="+1.19301e+07ns" >
      </FlowStats>
      <FlowStats  flowId="4" packets="3" bytes="128" delayFromFirstProbeSum="+1.76191e+07ns" >
      </FlowStats>
      <FlowStats  flowId="6" packets="2" bytes="96" delayFromFirstProbeSum="+1.38247e+09ns" >
      </FlowStats>
      <FlowStats  flowId="8" packets="2" bytes="96" delayFromFirstProbeSum="+1.38074e+09ns" >
      </FlowStats>
      <FlowStats  flowId="11" packets="1" bytes="30" delayFromFirstProbeSum="+0ns" >
      </FlowStats>
      <FlowStats  flowId="12" packets="1" bytes="30" delayFromFirstProbeSum="+0ns" >
      </FlowStats>
      <FlowStats  flowId="14" packets="2" bytes="60" delayFromFirstProbeSum="+0ns" >
      </FlowStats>
      <FlowStats  flowId="16" packets="3" bytes="128" delayFromFirstProbeSum="+3.81569e+07ns" >
      </FlowStats>
      <FlowStats  flowId="18" packets="1" bytes="48" delayFromFirstProbeSum="+3.93426e+07ns" >
      </FlowStats>
      <FlowStats  flowId="19" packets="1" bytes="30" delayFromFirstProbeSum="+0ns" >
      </FlowStats>
    </FlowProbe>
    <FlowProbe index="1">
    </FlowProbe>
    <FlowProbe index="2">
      <FlowStats  flowId="1" packets="8430" bytes="8868360" delayFromFirstProbeSum="+1.5801e+11ns" >
      </FlowStats>
      <FlowStats  flowId="3" packets="1" bytes="48" delayFromFirstProbeSum="+2.24084e+07ns" >
      </FlowStats>
      <FlowStats  flowId="5" packets="1" bytes="48" delayFromFirstProbeSum="+2.65132e+07ns" >
      </FlowStats>
      <FlowStats  flowId="7" packets="2" bytes="96" delayFromFirstProbeSum="+1.02511e+09ns" >
      </FlowStats>
      <FlowStats  flowId="8" packets="2" bytes="96" delayFromFirstProbeSum="+0ns" >
      </FlowStats>
      <FlowStats  flowId="10" packets="3" bytes="144" delayFromFirstProbeSum="+1.00981e+09ns" >
      </FlowStats>
      <FlowStats  flowId="13" packets="3382" bytes="1826280" delayFromFirstProbeSum="+2.8191e+09ns" >
      </FlowStats>
      <FlowStats  flowId="17" packets="1" bytes="40" delayFromFirstProbeSum="+8.34357e+06ns" >
      </FlowStats>
    </FlowProbe>
    <FlowProbe index="3">
    </FlowProbe>
    <FlowProbe index="4">
      <FlowStats  flowId="1" packets="8" bytes="8416" delayFromFirstProbeSum="+1.85129e+08ns" >
      </FlowStats>
      <FlowStats  flowId="6" packets="2" bytes="96" delayFromFirstProbeSum="+0ns" >
      </FlowStats>
      <FlowStats  flowId="7" packets="2" bytes="96" delayFromFirstProbeSum="+0ns" >
      </FlowStats>
      <FlowStats  flowId="13" packets="3417" bytes="1845180" delayFromFirstProbeSum="+0ns" >
      </FlowStats>
      <FlowStats  flowId="14" packets="2" bytes="60" delayFromFirstProbeSum="+5.13291e+06ns" >
      </FlowStats>
    </FlowProbe>
    <FlowProbe index="5">
    </FlowProbe>
    <FlowProbe index="6">
      <FlowStats  flowId="9" packets="2" bytes="96" delayFromFirstProbeSum="+0ns" >
      </FlowStats>
      <FlowStats  flowId="10" packets="3" bytes="144" delayFromFirstProbeSum="+0ns" >
      </FlowStats>
      <FlowStats  flowId="15" packets="1" bytes="30" delayFromFirstProbeSum="+5.34103e+07ns" >
      </FlowStats>
      <FlowStats  flowId="18" packets="1" bytes="48" delayFromFirstProbeSum="+0ns" >
      </FlowStats>
      <FlowStats  flowId="19" packets="1" bytes="30" delayFromFirstProbeSum="+6.37566e+07ns" >
      </FlowStats>
    </FlowProbe>
    <FlowProbe index="7">
    </FlowProbe>
    <FlowProbe index="8">
    </FlowProbe>
    <FlowProbe index="9">
    </FlowProbe>
    <FlowProbe index="10">
      <FlowStats  flowId="1" packets="430" bytes="452360" delayFromFirstProbeSum="+1.18998e+11ns" >
      </FlowStats>
      <FlowStats  flowId="2" packets="3" bytes="128" delayFromFirstProbeSum="+0ns" >
      </FlowStats>
      <FlowStats  flowId="3" packets="1" bytes="48" delayFromFirstProbeSum="+0ns" >
      </FlowStats>
      <FlowStats  flowId="11" packets="1" bytes="30" delayFromFirstProbeSum="+8.9658e+06ns" >
      </FlowStats>
    </FlowProbe>
    <FlowProbe index="11">
    </FlowProbe>
    <FlowProbe index="12">
    </FlowProbe>
    <FlowProbe index="13">
    </FlowProbe>
    <FlowProbe index="14">
    </FlowProbe>
    <FlowProbe index="15">
    </FlowProbe>
    <FlowProbe index="16">
      <FlowStats  flowId="4" packets="3" bytes="128" delayFromFirstProbeSum="+0ns" >
      </FlowStats>
      <FlowStats  flowId="5" packets="1" bytes="48" delayFromFirstProbeSum="+0ns" >
      </FlowStats>
      <FlowStats  flowId="12" packets="1" bytes="30" delayFromFirstProbeSum="+3.27335e+07ns" >
      </FlowStats>
    </FlowProbe>
    <FlowProbe index="17">
    </FlowProbe>
    <FlowProbe index="18">
      <FlowStats  flowId="9" packets="2" bytes="96" delayFromFirstProbeSum="+2.04864e+09ns" >
      </FlowStats>
      <FlowStats  flowId="15" packets="2" bytes="60" delayFromFirstProbeSum="+4.85762e+07ns" >
      </FlowStats>
      <FlowStats  flowId="16" packets="3" bytes="128" delayFromFirstProbeSum="+0ns" >
      </FlowStats>
      <FlowStats  flowId="17" packets="1" bytes="40" delayFromFirstProbeSum="+0ns" >
      </FlowStats>
    </FlowProbe>
    <FlowProbe index="19">
    </FlowProbe>
  </FlowProbes>
</FlowMonitor>
